# Graph Testing File.
# Tests that a graph can be created and added one edge between two vertex.

# Create a graph
created graph graph1

# Add a vertex
added node n1 to graph1
added node n2 to graph1

# Add an edge
added edge e1 from n1 to n2 in graph1

# Print the vertex in the graph
graph1 contains: n1 n2
